// Jest Snapshot v1, https://goo.gl/fbAQLP

exports[`Pagination component should render component 1`] = `<DocumentFragment />`;
