// Jest Snapshot v1, https://goo.gl/fbAQLP

exports[`SelectProductsPerPage component should render component 1`] = `
<DocumentFragment>
  <div
    class="products__per-page"
  >
    <div
      class="andes-dropdown andes-dropdown--standalone products__dropdown andes-dropdown--compact"
    >
      <div
        class="andes-floating-menu"
      >
        <button
          aria-expanded="false"
          aria-haspopup="listbox"
          aria-invalid="false"
          aria-label="Ordenar por: "
          class="andes-dropdown__trigger"
          type="button"
        >
          <span
            class="andes-dropdown__display-values"
          >
            Ordenar por
          </span>
          <svg
            aria-hidden="true"
            class="andes-dropdown__standalone-arrow"
            height="12"
            viewBox="0 0 12 12"
            width="12"
          >
            <path
              d="M6 7.057L9.352 3.705 10.148 4.5 6 8.648 1.852 4.5 2.648 3.705z"
              fill-opacity=".45"
            />
          </svg>
        </button>
      </div>
    </div>
  </div>
</DocumentFragment>
`;
